// Vitest Snapshot v1

exports[`builds index.css 1`] = `
"(function(){\\"use strict\\";const t=\\"\\"})();
"
`;

exports[`builds index.css 2`] = `
".foo{content:\\"bar\\"}
"
`;

exports[`builds index.js 1`] = `
"var kirbyupExport=function(){\\"use strict\\";return\\"bar\\"}();
"
`;

exports[`builds panel plugins 1`] = `
"(function(){\\"use strict\\";const e={extends:\\"k-info-field\\"};window.panel.plugin(\\"kirbyup/test\\",{fields:{demo:e}})})();
"
`;

exports[`compiles vue templates 1`] = `
"(function(){\\"use strict\\";const g=\\"\\";function l(o,n,p,m,i,r,a,C){var e=typeof o==\\"function\\"?o.options:o;n&&(e.render=n,e.staticRenderFns=p,e._compiled=!0),m&&(e.functional=!0),r&&(e._scopeId=\\"data-v-\\"+r);var s;if(a?(s=function(t){t=t||this.$vnode&&this.$vnode.ssrContext||this.parent&&this.parent.$vnode&&this.parent.$vnode.ssrContext,!t&&typeof __VUE_SSR_CONTEXT__<\\"u\\"&&(t=__VUE_SSR_CONTEXT__),i&&i.call(this,t),t&&t._registeredComponents&&t._registeredComponents.add(a)},e._ssrRegister=s):i&&(s=C?function(){i.call(this,(e.functional?this.parent:this).$root.$options.shadowRoot)}:i),s)if(e.functional){e._injectStyles=s;var R=e.render;e.render=function($,f){return s.call(f),R($,f)}}else{var _=e.beforeCreate;e.beforeCreate=_?[].concat(_,s):[s]}return{exports:o,options:e}}const c={created(){console.log(\\"created\\")}};var d=function(){var n=this;return n._self._c,n._m(0)},u=[function(){var o=this,n=o._self._c;return n(\\"section\\",{staticClass:\\"k-demo-section\\"},[n(\\"header\\",{staticClass:\\"k-section-header\\"},[n(\\"h2\\",{staticClass:\\"k-headline\\"},[o._v(\\"Custom section\\")])])])}],v=l(c,d,u,!1,null,null,null,null);const h=v.exports;window.panel.plugin(\\"kirbyup/test\\",{sections:{demo:h}})})();
"
`;

exports[`supports auto-importing components 1`] = `
"(function(){\\"use strict\\";function a(n,o,_,i,s,l,f,S){var e=typeof n==\\"function\\"?n.options:n;o&&(e.render=o,e.staticRenderFns=_,e._compiled=!0),i&&(e.functional=!0),l&&(e._scopeId=\\"data-v-\\"+l);var t;if(f?(t=function(r){r=r||this.$vnode&&this.$vnode.ssrContext||this.parent&&this.parent.$vnode&&this.parent.$vnode.ssrContext,!r&&typeof __VUE_SSR_CONTEXT__<\\"u\\"&&(r=__VUE_SSR_CONTEXT__),s&&s.call(this,r),r&&r._registeredComponents&&r._registeredComponents.add(f)},e._ssrRegister=t):s&&(t=S?function(){s.call(this,(e.functional?this.parent:this).$root.$options.shadowRoot)}:s),t)if(e.functional){e._injectStyles=t;var T=e.render;e.render=function(j,c){return t.call(c),T(j,c)}}else{var u=e.beforeCreate;e.beforeCreate=u?[].concat(u,t):[t]}return{exports:n,options:e}}const d={};var v=function(){var o=this,_=o._self._c;return _(\\"k-header\\",[o._v(\\"Bar\\")])},p=[],b=a(d,v,p,!1,null,null,null,null);const m=b.exports,h=Object.freeze(Object.defineProperty({__proto__:null,default:m},Symbol.toStringTag,{value:\\"Module\\"})),g={};var C=function(){var o=this,_=o._self._c;return _(\\"k-header\\",[o._v(\\"Foo\\")])},O=[],$=a(g,C,O,!1,null,null,null,null);const k=$.exports,R=Object.freeze(Object.defineProperty({__proto__:null,default:k},Symbol.toStringTag,{value:\\"Module\\"})),y=n=>n.substring(n.lastIndexOf(\\"/\\")+1,n.lastIndexOf(\\".\\")).toLowerCase(),F=Object.freeze({import(n){return Object.entries(n).reduce((o,[_,i])=>(o[y(_)]=i.default,o),{})}});window.panel.plugin(\\"kirbyup/example\\",{blocks:F.import(Object.assign({\\"./components/blocks/Bar.vue\\":h,\\"./components/blocks/Foo.vue\\":R}))})})();
"
`;

exports[`supports built-in env variables 1`] = `
"var kirbyupExport=function(e){\\"use strict\\";const o=\\"production\\";return e.mode=o,Object.defineProperties(e,{__esModule:{value:!0},[Symbol.toStringTag]:{value:\\"Module\\"}}),e}({});
"
`;

exports[`supports custom env variables 1`] = `
"var kirbyupExport=function(e){\\"use strict\\";const o={BASE_URL:\\"/\\",MODE:\\"production\\",DEV:!1,PROD:!0}.KIRBYUP_FOO;return e.foo=o,Object.defineProperties(e,{__esModule:{value:!0},[Symbol.toStringTag]:{value:\\"Module\\"}}),e}({});
"
`;

exports[`supports kirbyup.config.js with function 1`] = `
"var test=function(){\\"use strict\\";return\\"bar\\"}();
"
`;

exports[`supports kirbyup.config.js with object 1`] = `
"var test=function(){\\"use strict\\";return\\"bar\\"}();
"
`;

exports[`supports postcss plugins 1`] = `
"(function(){\\"use strict\\";const t=\\"\\"})();
"
`;

exports[`supports postcss plugins 2`] = `
".foo{top:0;left:5px;bottom:10px;right:5px}[dir=rtl] .bar{margin-right:10px}
"
`;

exports[`supports resolve aliases 1`] = `
"var kirbyupExport=function(){\\"use strict\\";return\\"bar\\"}();
"
`;
